checked authoritative reference and labeled sigma set
coverage exact checks 10000/66280
coverage exact checks 20000/66280
coverage exact checks 30000/66280
coverage exact checks 40000/66280
coverage exact checks 50000/66280
coverage exact checks 60000/66280
{
  "T_INDEPENDENTLY_COVERED": {
    "1": 28106,
    "2": 23324,
    "total": 51430
  },
  "HARD": {
    "1": 5034,
    "2": 9816,
    "total": 14850
  }
}
checked all-degree coefficientwise boundary
{
  "SINGLE_CLASS_IF_AND_ONLY_IF": {
    "1": 24691,
    "2": 8746,
    "total": 33437
  },
  "ALL_DEGREES_IMPOSSIBLE": {
    "1": 8449,
    "2": 24394,
    "total": 32843
  }
}
checked exact GP search certificates and no-go functionals
{'degree_0:EXACT_DEGREE_NO_GO': 120, 'degree_1:EXACT_CELLWIDE_CERTIFICATE': 64, 'degree_1:EXACT_DEGREE_NO_GO': 56, 'degree_2:EXACT_CELLWIDE_CERTIFICATE': 120, 'degree_3:EXACT_CELLWIDE_CERTIFICATE': 120}
PASS: all available Stage 2c-2 exact checks completed in 83.8s
