outer LP k=2: leader 1/20 class=16558, best=8.07391805e-18, elapsed=5.6s
outer LP k=2: leader 2/20 class=12760, best=-1.46673072e-10, elapsed=12.1s
outer LP k=2: leader 3/20 class=16101, best=-1.35052609e-10, elapsed=17.9s
outer LP k=2: leader 4/20 class=16250, best=-1.24901369e-10, elapsed=23.3s
outer LP k=2: leader 5/20 class=16303, best=0, elapsed=28.7s
outer LP k=2: leader 6/20 class=16304, best=-4.20551858e-19, elapsed=33.9s
outer LP k=2: leader 7/20 class=16456, best=-3.46944695e-18, elapsed=39.0s
outer LP k=2: leader 8/20 class=13673, best=-1.40334924e-10, elapsed=44.9s
outer LP k=2: leader 9/20 class=13686, best=-1.39359778e-10, elapsed=50.7s
outer LP k=2: leader 10/20 class=16530, best=-7.43694928e-19, elapsed=55.9s
outer LP k=2: leader 11/20 class=16141, best=0, elapsed=61.1s
outer LP k=2: leader 12/20 class=16091, best=6.9388939e-18, elapsed=66.2s
outer LP k=2: leader 13/20 class=16439, best=-1.21754888e-10, elapsed=72.1s
outer LP k=2: leader 14/20 class=16534, best=-2.71050543e-20, elapsed=76.8s
outer LP k=2: leader 15/20 class=14678, best=-1.34694501e-10, elapsed=82.0s
outer LP k=2: leader 16/20 class=16568, best=-1.3471283e-10, elapsed=87.5s
outer LP k=2: leader 17/20 class=16137, best=-1.43995601e-20, elapsed=92.6s
outer LP k=2: leader 18/20 class=13697, best=-1.30236718e-10, elapsed=98.1s
outer LP k=2: leader 19/20 class=14724, best=-1.39349504e-10, elapsed=104.2s
outer LP k=2: leader 20/20 class=16458, best=-6.69156028e-20, elapsed=109.3s
outer LP k=3: leader 1/20 class=16558, best=-1.94219277e-11, elapsed=5.1s
outer LP k=3: leader 2/20 class=12760, best=3.90312782e-18, elapsed=10.4s
outer LP k=3: leader 3/20 class=16101, best=1.38777878e-17, elapsed=15.2s
outer LP k=3: leader 4/20 class=16250, best=-8.92772726e-19, elapsed=20.5s
outer LP k=3: leader 5/20 class=16303, best=-1.35232755e-10, elapsed=26.1s
outer LP k=3: leader 6/20 class=16304, best=-1.45710743e-10, elapsed=31.8s
outer LP k=3: leader 7/20 class=16456, best=-1.29088789e-10, elapsed=37.6s
outer LP k=3: leader 8/20 class=13673, best=-0, elapsed=42.9s
outer LP k=3: leader 9/20 class=13686, best=-8.67361738e-19, elapsed=47.9s
outer LP k=3: leader 10/20 class=16530, best=-1.26394728e-10, elapsed=54.2s
outer LP k=3: leader 11/20 class=16141, best=-1.41037196e-10, elapsed=60.0s
outer LP k=3: leader 12/20 class=16091, best=-1.1816759e-10, elapsed=65.5s
outer LP k=3: leader 13/20 class=16439, best=0, elapsed=70.8s
outer LP k=3: leader 14/20 class=16534, best=-1.36449916e-10, elapsed=76.0s
outer LP k=3: leader 15/20 class=14678, best=0, elapsed=81.4s
outer LP k=3: leader 16/20 class=16568, best=2.08166817e-17, elapsed=86.5s
outer LP k=3: leader 17/20 class=16137, best=-1.38657603e-10, elapsed=91.9s
outer LP k=3: leader 18/20 class=13697, best=-0, elapsed=96.7s
outer LP k=3: leader 19/20 class=14724, best=0, elapsed=102.1s
outer LP k=3: leader 20/20 class=16458, best=-1.28494814e-10, elapsed=107.5s
wrote outer_lp_restarts.json
