outer LP k=2: leader 1/20 class=16558, best=8.07391805e-18, elapsed=5.6s
outer LP k=2: leader 2/20 class=12760, best=-1.46673072e-10, elapsed=11.8s
outer LP k=2: leader 3/20 class=16250, best=-1.39916281e-10, elapsed=17.1s
outer LP k=2: leader 4/20 class=16439, best=-1.2312092e-10, elapsed=22.7s
outer LP k=2: leader 5/20 class=16534, best=-4.87467461e-18, elapsed=28.0s
outer LP k=2: leader 6/20 class=16141, best=0, elapsed=33.3s
outer LP k=2: leader 7/20 class=16530, best=-3.46944695e-18, elapsed=38.4s
outer LP k=2: leader 8/20 class=16091, best=1.04083409e-17, elapsed=44.1s
outer LP k=2: leader 9/20 class=16568, best=-1.39044174e-10, elapsed=49.9s
outer LP k=2: leader 10/20 class=13697, best=-1.39418903e-10, elapsed=55.3s
outer LP k=2: leader 11/20 class=14724, best=-1.36386458e-10, elapsed=61.0s
outer LP k=2: leader 12/20 class=16137, best=-0, elapsed=66.4s
outer LP k=2: leader 13/20 class=16324, best=-1.2227927e-10, elapsed=72.4s
outer LP k=2: leader 14/20 class=16162, best=-1.29928795e-10, elapsed=77.8s
outer LP k=2: leader 15/20 class=16541, best=-1.28415676e-10, elapsed=83.7s
outer LP k=2: leader 16/20 class=14694, best=-1.44682537e-10, elapsed=89.2s
outer LP k=2: leader 17/20 class=16504, best=0, elapsed=94.2s
outer LP k=2: leader 18/20 class=16479, best=-1.32710759e-10, elapsed=100.1s
outer LP k=2: leader 19/20 class=16239, best=-2.02440874e-19, elapsed=105.4s
outer LP k=2: leader 20/20 class=16301, best=0, elapsed=110.4s
outer LP k=3: leader 1/20 class=16558, best=-1.94219277e-11, elapsed=5.2s
outer LP k=3: leader 2/20 class=12760, best=3.90312782e-18, elapsed=10.4s
outer LP k=3: leader 3/20 class=16250, best=-2.20228566e-20, elapsed=15.4s
outer LP k=3: leader 4/20 class=16439, best=0, elapsed=20.8s
outer LP k=3: leader 5/20 class=16534, best=-1.23018649e-10, elapsed=27.2s
outer LP k=3: leader 6/20 class=16141, best=-1.37498478e-10, elapsed=32.9s
outer LP k=3: leader 7/20 class=16530, best=-1.21419107e-10, elapsed=39.2s
outer LP k=3: leader 8/20 class=16091, best=-1.26693697e-10, elapsed=44.7s
outer LP k=3: leader 9/20 class=16568, best=2.08166817e-17, elapsed=49.9s
outer LP k=3: leader 10/20 class=13697, best=-0, elapsed=55.1s
outer LP k=3: leader 11/20 class=14724, best=0, elapsed=60.1s
outer LP k=3: leader 12/20 class=16137, best=-1.27933542e-10, elapsed=67.5s
outer LP k=3: leader 13/20 class=16324, best=1.21430643e-17, elapsed=72.8s
outer LP k=3: leader 14/20 class=16162, best=-0, elapsed=77.9s
outer LP k=3: leader 15/20 class=16541, best=-1.22904481e-18, elapsed=83.1s
outer LP k=3: leader 16/20 class=14694, best=-3.46944695e-18, elapsed=88.5s
outer LP k=3: leader 17/20 class=16504, best=-1.36458179e-10, elapsed=93.8s
outer LP k=3: leader 18/20 class=16479, best=-4.33680869e-19, elapsed=98.9s
outer LP k=3: leader 19/20 class=16239, best=-1.30767258e-10, elapsed=104.7s
outer LP k=3: leader 20/20 class=16301, best=-1.28432991e-10, elapsed=110.4s
wrote outer_lp_restarts.json
