dataset train=(5028, 34) eval=(2160, 34) classifier_acc=0.9611 sha256=2111f9ddb5c25397
arch=l1 m=68 seed=000 beta=0 FVU=0.0313 L0=16.0 dead=0.0% align=0.710 conc=0.258 family=0.899 split=4.0 (6.7s)
arch=l1 m=68 seed=000 beta=0.025 FVU=0.0292 L0=19.2 dead=0.0% align=0.987 conc=0.914 family=0.859 split=1.0 (6.6s)
arch=l1 m=68 seed=000 beta=0.0625 FVU=0.0324 L0=23.0 dead=0.0% align=0.980 conc=0.873 family=0.858 split=1.0 (6.6s)
arch=l1 m=68 seed=000 beta=0.25 FVU=0.0416 L0=28.9 dead=0.0% align=0.501 conc=0.232 family=0.763 split=9.5 (6.6s)
arch=l1 m=68 seed=000 beta=0.5 FVU=0.0448 L0=30.6 dead=0.0% align=0.497 conc=0.188 family=0.769 split=13.5 (6.7s)
arch=l1 m=68 seed=001 beta=0 FVU=0.0343 L0=15.4 dead=0.0% align=0.708 conc=0.255 family=0.899 split=4.0 (6.5s)
arch=l1 m=68 seed=001 beta=0.025 FVU=0.0281 L0=20.0 dead=0.0% align=0.987 conc=0.909 family=0.858 split=1.0 (6.6s)
arch=l1 m=68 seed=001 beta=0.0625 FVU=0.0309 L0=23.0 dead=0.0% align=0.764 conc=0.740 family=0.854 split=1.0 (6.5s)
arch=l1 m=68 seed=001 beta=0.25 FVU=0.0387 L0=28.8 dead=0.0% align=0.530 conc=0.162 family=0.783 split=18.0 (6.6s)
arch=l1 m=68 seed=001 beta=0.5 FVU=0.0472 L0=31.0 dead=0.0% align=0.514 conc=0.149 family=0.790 split=17.0 (6.6s)
arch=l1 m=68 seed=002 beta=0 FVU=0.0331 L0=15.5 dead=0.0% align=0.709 conc=0.255 family=0.899 split=4.0 (6.6s)
arch=l1 m=68 seed=002 beta=0.025 FVU=0.0276 L0=19.4 dead=0.0% align=0.981 conc=0.748 family=0.864 split=1.5 (6.7s)
arch=l1 m=68 seed=002 beta=0.0625 FVU=0.0323 L0=23.5 dead=0.0% align=0.923 conc=0.689 family=0.843 split=2.0 (6.7s)
arch=l1 m=68 seed=002 beta=0.25 FVU=0.0372 L0=29.3 dead=0.0% align=0.462 conc=0.287 family=0.793 split=9.5 (6.5s)
arch=l1 m=68 seed=002 beta=0.5 FVU=0.0361 L0=29.4 dead=0.0% align=0.476 conc=0.249 family=0.786 split=9.0 (6.6s)
arch=l1 m=68 seed=003 beta=0 FVU=0.0334 L0=15.7 dead=0.0% align=0.709 conc=0.251 family=0.901 split=6.0 (6.6s)
arch=l1 m=68 seed=003 beta=0.025 FVU=0.0281 L0=18.9 dead=0.0% align=0.579 conc=0.464 family=0.886 split=3.0 (7.4s)
arch=l1 m=68 seed=003 beta=0.0625 FVU=0.0302 L0=24.4 dead=0.0% align=0.708 conc=0.742 family=0.858 split=1.5 (6.6s)
arch=l1 m=68 seed=003 beta=0.25 FVU=0.0305 L0=28.6 dead=0.0% align=0.498 conc=0.276 family=0.803 split=10.0 (6.5s)
arch=l1 m=68 seed=003 beta=0.5 FVU=0.0316 L0=29.4 dead=0.0% align=0.509 conc=0.167 family=0.797 split=17.5 (6.7s)
arch=l1 m=68 seed=004 beta=0 FVU=0.0309 L0=16.0 dead=0.0% align=0.703 conc=0.257 family=0.900 split=5.0 (6.6s)
arch=l1 m=68 seed=004 beta=0.025 FVU=0.0284 L0=20.1 dead=0.0% align=0.988 conc=0.907 family=0.858 split=1.0 (6.5s)
arch=l1 m=68 seed=004 beta=0.0625 FVU=0.0300 L0=25.1 dead=0.0% align=0.866 conc=0.575 family=0.837 split=4.0 (6.6s)
arch=l1 m=68 seed=004 beta=0.25 FVU=0.0330 L0=29.6 dead=0.0% align=0.499 conc=0.166 family=0.800 split=16.0 (6.7s)
arch=l1 m=68 seed=004 beta=0.5 FVU=0.0352 L0=29.9 dead=0.0% align=0.506 conc=0.147 family=0.804 split=21.0 (6.7s)
arch=l1 m=68 seed=005 beta=0 FVU=0.0340 L0=15.6 dead=0.0% align=0.708 conc=0.250 family=0.902 split=5.0 (6.6s)
arch=l1 m=68 seed=005 beta=0.025 FVU=0.0287 L0=19.1 dead=0.0% align=0.982 conc=0.913 family=0.856 split=1.5 (6.6s)
arch=l1 m=68 seed=005 beta=0.0625 FVU=0.0301 L0=23.7 dead=0.0% align=0.936 conc=0.723 family=0.850 split=2.0 (6.6s)
arch=l1 m=68 seed=005 beta=0.25 FVU=0.0358 L0=29.6 dead=0.0% align=0.557 conc=0.195 family=0.793 split=11.5 (6.5s)
arch=l1 m=68 seed=005 beta=0.5 FVU=0.0387 L0=31.0 dead=0.0% align=0.430 conc=0.293 family=0.794 split=8.0 (6.8s)
arch=l1 m=68 seed=006 beta=0 FVU=0.0330 L0=15.8 dead=0.0% align=0.700 conc=0.255 family=0.904 split=6.0 (6.5s)
arch=l1 m=68 seed=006 beta=0.025 FVU=0.0286 L0=18.2 dead=0.0% align=0.611 conc=0.465 family=0.884 split=3.0 (6.6s)
arch=l1 m=68 seed=006 beta=0.0625 FVU=0.0286 L0=23.5 dead=0.0% align=0.615 conc=0.847 family=0.852 split=1.0 (6.5s)
arch=l1 m=68 seed=006 beta=0.25 FVU=0.0314 L0=29.2 dead=0.0% align=0.524 conc=0.157 family=0.795 split=16.5 (6.5s)
arch=l1 m=68 seed=006 beta=0.5 FVU=0.0344 L0=29.7 dead=0.0% align=0.514 conc=0.150 family=0.799 split=18.5 (6.6s)
arch=l1 m=68 seed=007 beta=0 FVU=0.0323 L0=15.9 dead=0.0% align=0.707 conc=0.252 family=0.902 split=6.0 (6.5s)
arch=l1 m=68 seed=007 beta=0.025 FVU=0.0283 L0=19.0 dead=0.0% align=0.980 conc=0.449 family=0.881 split=3.0 (6.5s)
arch=l1 m=68 seed=007 beta=0.0625 FVU=0.0295 L0=23.3 dead=0.0% align=0.742 conc=0.863 family=0.860 split=1.0 (6.5s)
arch=l1 m=68 seed=007 beta=0.25 FVU=0.0364 L0=29.6 dead=0.0% align=0.347 conc=0.369 family=0.804 split=11.0 (6.6s)
arch=l1 m=68 seed=007 beta=0.5 FVU=0.0398 L0=30.7 dead=0.0% align=0.378 conc=0.290 family=0.788 split=12.0 (6.6s)
arch=l1 m=68 seed=008 beta=0 FVU=0.0324 L0=15.8 dead=0.0% align=0.709 conc=0.249 family=0.899 split=4.0 (6.6s)
arch=l1 m=68 seed=008 beta=0.025 FVU=0.0289 L0=19.2 dead=0.0% align=0.983 conc=0.760 family=0.863 split=1.5 (6.5s)
arch=l1 m=68 seed=008 beta=0.0625 FVU=0.0300 L0=23.5 dead=0.0% align=0.769 conc=0.808 family=0.857 split=1.0 (6.6s)
arch=l1 m=68 seed=008 beta=0.25 FVU=0.0361 L0=28.3 dead=0.0% align=0.306 conc=0.452 family=0.810 split=4.5 (6.9s)
arch=l1 m=68 seed=008 beta=0.5 FVU=0.0371 L0=29.6 dead=0.0% align=0.300 conc=0.299 family=0.798 split=10.0 (6.6s)
arch=l1 m=68 seed=009 beta=0 FVU=0.0310 L0=15.9 dead=0.0% align=0.712 conc=0.255 family=0.899 split=4.0 (6.5s)
arch=l1 m=68 seed=009 beta=0.025 FVU=0.0261 L0=19.2 dead=0.0% align=0.693 conc=0.245 family=0.900 split=4.0 (6.7s)
arch=l1 m=68 seed=009 beta=0.0625 FVU=0.0296 L0=23.8 dead=0.0% align=0.950 conc=0.764 family=0.854 split=2.0 (6.6s)
arch=l1 m=68 seed=009 beta=0.25 FVU=0.0380 L0=29.2 dead=0.0% align=0.502 conc=0.201 family=0.790 split=11.5 (6.6s)
arch=l1 m=68 seed=009 beta=0.5 FVU=0.0408 L0=30.4 dead=0.0% align=0.242 conc=0.334 family=0.779 split=12.0 (6.9s)
arch=l1 m=68 seed=010 beta=0 FVU=0.0310 L0=16.1 dead=0.0% align=0.707 conc=0.252 family=0.900 split=5.0 (6.5s)
arch=l1 m=68 seed=010 beta=0.025 FVU=0.0289 L0=19.2 dead=0.0% align=0.986 conc=0.463 family=0.885 split=3.0 (6.5s)
arch=l1 m=68 seed=010 beta=0.0625 FVU=0.0306 L0=23.6 dead=0.0% align=0.971 conc=0.845 family=0.861 split=1.0 (6.6s)
arch=l1 m=68 seed=010 beta=0.25 FVU=0.0364 L0=29.2 dead=0.0% align=0.554 conc=0.359 family=0.800 split=7.5 (7.8s)
arch=l1 m=68 seed=010 beta=0.5 FVU=0.0387 L0=30.4 dead=0.0% align=0.561 conc=0.282 family=0.802 split=11.5 (6.6s)
arch=l1 m=68 seed=011 beta=0 FVU=0.0326 L0=15.3 dead=0.0% align=0.712 conc=0.254 family=0.898 split=4.0 (6.5s)
arch=l1 m=68 seed=011 beta=0.025 FVU=0.0287 L0=19.5 dead=0.0% align=0.690 conc=0.247 family=0.899 split=4.0 (6.6s)
arch=l1 m=68 seed=011 beta=0.0625 FVU=0.0280 L0=24.3 dead=0.0% align=0.590 conc=0.686 family=0.853 split=1.5 (6.5s)
arch=l1 m=68 seed=011 beta=0.25 FVU=0.0365 L0=28.7 dead=0.0% align=0.506 conc=0.197 family=0.796 split=12.5 (6.6s)
arch=l1 m=68 seed=011 beta=0.5 FVU=0.0373 L0=30.4 dead=0.0% align=0.510 conc=0.184 family=0.798 split=14.0 (6.7s)
arch=topk m=68 seed=000 beta=0 FVU=0.0065 L0=16.0 dead=2.9% align=1.000 conc=1.000 family=1.000 split=1.0 (13.6s)
arch=topk m=68 seed=000 beta=0.025 FVU=0.0137 L0=16.0 dead=33.8% align=0.996 conc=0.993 family=0.999 split=1.0 (14.0s)
arch=topk m=68 seed=000 beta=0.0625 FVU=0.0363 L0=16.0 dead=20.6% align=0.688 conc=0.855 family=0.988 split=1.5 (13.9s)
arch=topk m=68 seed=000 beta=0.25 FVU=0.0594 L0=16.0 dead=23.5% align=0.527 conc=0.477 family=0.875 split=3.5 (14.2s)
arch=topk m=68 seed=000 beta=0.5 FVU=0.0738 L0=16.0 dead=32.4% align=0.514 conc=0.496 family=0.850 split=4.5 (14.0s)
arch=topk m=68 seed=001 beta=0 FVU=0.0072 L0=16.0 dead=2.9% align=0.805 conc=0.944 family=1.000 split=1.0 (13.7s)
arch=topk m=68 seed=001 beta=0.025 FVU=0.0142 L0=16.0 dead=27.9% align=0.928 conc=0.987 family=0.996 split=1.0 (14.2s)
arch=topk m=68 seed=001 beta=0.0625 FVU=0.0326 L0=16.0 dead=23.5% align=0.801 conc=0.934 family=0.983 split=1.0 (13.9s)
arch=topk m=68 seed=001 beta=0.25 FVU=0.0644 L0=16.0 dead=16.2% align=0.460 conc=0.506 family=0.867 split=3.0 (13.9s)
arch=topk m=68 seed=001 beta=0.5 FVU=0.0759 L0=16.0 dead=14.7% align=0.492 conc=0.279 family=0.815 split=10.0 (14.0s)
arch=topk m=68 seed=002 beta=0 FVU=0.0105 L0=16.0 dead=2.9% align=1.000 conc=0.915 family=1.000 split=1.5 (13.6s)
arch=topk m=68 seed=002 beta=0.025 FVU=0.0194 L0=16.0 dead=26.5% align=0.730 conc=0.769 family=0.993 split=2.0 (14.0s)
arch=topk m=68 seed=002 beta=0.0625 FVU=0.0379 L0=16.0 dead=17.6% align=0.640 conc=0.699 family=0.993 split=1.5 (14.0s)
arch=topk m=68 seed=002 beta=0.25 FVU=0.0601 L0=16.0 dead=20.6% align=0.421 conc=0.486 family=0.905 split=4.0 (13.8s)
arch=topk m=68 seed=002 beta=0.5 FVU=0.0643 L0=16.0 dead=26.5% align=0.431 conc=0.655 family=0.883 split=1.5 (14.1s)
arch=topk m=68 seed=003 beta=0 FVU=0.0039 L0=16.0 dead=10.3% align=0.791 conc=1.000 family=1.000 split=1.0 (13.9s)
arch=topk m=68 seed=003 beta=0.025 FVU=0.0142 L0=16.0 dead=27.9% align=0.643 conc=0.991 family=0.996 split=1.0 (14.1s)
arch=topk m=68 seed=003 beta=0.0625 FVU=0.0422 L0=16.0 dead=14.7% align=0.729 conc=0.545 family=0.979 split=2.5 (13.9s)
arch=topk m=68 seed=003 beta=0.25 FVU=0.0613 L0=16.0 dead=17.6% align=0.533 conc=0.332 family=0.870 split=5.5 (13.9s)
arch=topk m=68 seed=003 beta=0.5 FVU=0.0671 L0=16.0 dead=16.2% align=0.500 conc=0.285 family=0.847 split=7.5 (14.0s)
arch=topk m=68 seed=004 beta=0 FVU=0.0092 L0=16.0 dead=0.0% align=0.903 conc=0.710 family=0.999 split=3.0 (13.5s)
arch=topk m=68 seed=004 beta=0.025 FVU=0.0152 L0=16.0 dead=19.1% align=0.989 conc=0.985 family=0.997 split=1.0 (14.0s)
arch=topk m=68 seed=004 beta=0.0625 FVU=0.0360 L0=16.0 dead=20.6% align=0.553 conc=0.568 family=0.986 split=2.0 (14.0s)
arch=topk m=68 seed=004 beta=0.25 FVU=0.0588 L0=16.0 dead=22.1% align=0.527 conc=0.340 family=0.878 split=8.0 (14.0s)
arch=topk m=68 seed=004 beta=0.5 FVU=0.0694 L0=16.0 dead=23.5% align=0.499 conc=0.185 family=0.798 split=11.5 (13.9s)
arch=topk m=68 seed=005 beta=0 FVU=0.0096 L0=16.0 dead=1.5% align=0.983 conc=1.000 family=1.000 split=1.0 (13.6s)
arch=topk m=68 seed=005 beta=0.025 FVU=0.0171 L0=16.0 dead=29.4% align=0.996 conc=0.994 family=0.995 split=1.0 (14.0s)
arch=topk m=68 seed=005 beta=0.0625 FVU=0.0400 L0=16.0 dead=22.1% align=0.727 conc=0.795 family=0.974 split=1.5 (13.9s)
arch=topk m=68 seed=005 beta=0.25 FVU=0.0608 L0=16.0 dead=14.7% align=0.389 conc=0.467 family=0.850 split=8.5 (14.0s)
arch=topk m=68 seed=005 beta=0.5 FVU=0.0696 L0=16.0 dead=14.7% align=0.488 conc=0.564 family=0.868 split=2.5 (14.2s)
arch=topk m=68 seed=006 beta=0 FVU=0.0100 L0=16.0 dead=1.5% align=0.847 conc=0.655 family=0.999 split=2.5 (13.7s)
arch=topk m=68 seed=006 beta=0.025 FVU=0.0146 L0=16.0 dead=19.1% align=0.882 conc=0.956 family=1.001 split=1.0 (14.1s)
arch=topk m=68 seed=006 beta=0.0625 FVU=0.0327 L0=16.0 dead=17.6% align=0.626 conc=0.931 family=0.983 split=1.0 (14.0s)
arch=topk m=68 seed=006 beta=0.25 FVU=0.0605 L0=16.0 dead=16.2% align=0.541 conc=0.390 family=0.896 split=4.0 (14.0s)
arch=topk m=68 seed=006 beta=0.5 FVU=0.0732 L0=16.0 dead=11.8% align=0.624 conc=0.355 family=0.854 split=7.0 (14.0s)
arch=topk m=68 seed=007 beta=0 FVU=0.0041 L0=16.0 dead=4.4% align=1.000 conc=1.000 family=1.000 split=1.0 (13.6s)
arch=topk m=68 seed=007 beta=0.025 FVU=0.0138 L0=16.0 dead=25.0% align=0.995 conc=0.987 family=1.002 split=1.0 (13.9s)
arch=topk m=68 seed=007 beta=0.0625 FVU=0.0332 L0=16.0 dead=27.9% align=0.938 conc=0.923 family=0.982 split=1.0 (13.9s)
arch=topk m=68 seed=007 beta=0.25 FVU=0.0611 L0=16.0 dead=25.0% align=0.400 conc=0.438 family=0.891 split=5.5 (13.9s)
arch=topk m=68 seed=007 beta=0.5 FVU=0.0738 L0=16.0 dead=22.1% align=0.434 conc=0.371 family=0.852 split=5.5 (14.1s)
arch=topk m=68 seed=008 beta=0 FVU=0.0087 L0=16.0 dead=0.0% align=0.608 conc=1.000 family=1.000 split=1.0 (13.7s)
arch=topk m=68 seed=008 beta=0.025 FVU=0.0170 L0=16.0 dead=20.6% align=0.605 conc=0.989 family=0.997 split=1.0 (14.0s)
arch=topk m=68 seed=008 beta=0.0625 FVU=0.0335 L0=16.0 dead=22.1% align=0.772 conc=0.864 family=0.987 split=1.0 (14.1s)
arch=topk m=68 seed=008 beta=0.25 FVU=0.0639 L0=16.0 dead=22.1% align=0.347 conc=0.454 family=0.892 split=4.0 (14.0s)
arch=topk m=68 seed=008 beta=0.5 FVU=0.0697 L0=16.0 dead=11.8% align=0.338 conc=0.418 family=0.868 split=5.0 (14.0s)
arch=topk m=68 seed=009 beta=0 FVU=0.0071 L0=16.0 dead=7.4% align=1.000 conc=1.000 family=1.000 split=1.0 (14.1s)
arch=topk m=68 seed=009 beta=0.025 FVU=0.0180 L0=16.0 dead=22.1% align=0.993 conc=0.986 family=0.998 split=1.0 (14.3s)
arch=topk m=68 seed=009 beta=0.0625 FVU=0.0342 L0=16.0 dead=26.5% align=0.958 conc=0.922 family=0.977 split=1.0 (14.1s)
arch=topk m=68 seed=009 beta=0.25 FVU=0.0636 L0=16.0 dead=17.6% align=0.246 conc=0.574 family=0.923 split=2.5 (14.2s)
arch=topk m=68 seed=009 beta=0.5 FVU=0.0760 L0=16.0 dead=11.8% align=0.286 conc=0.475 family=0.837 split=4.5 (14.0s)
arch=topk m=68 seed=010 beta=0 FVU=0.0098 L0=16.0 dead=2.9% align=0.982 conc=0.901 family=0.996 split=1.0 (13.8s)
arch=topk m=68 seed=010 beta=0.025 FVU=0.0159 L0=16.0 dead=29.4% align=0.622 conc=0.511 family=1.001 split=3.0 (14.1s)
arch=topk m=68 seed=010 beta=0.0625 FVU=0.0345 L0=16.0 dead=16.2% align=0.949 conc=0.936 family=0.974 split=1.0 (13.9s)
arch=topk m=68 seed=010 beta=0.25 FVU=0.0613 L0=16.0 dead=23.5% align=0.560 conc=0.594 family=0.901 split=2.5 (13.9s)
arch=topk m=68 seed=010 beta=0.5 FVU=0.0755 L0=16.0 dead=13.2% align=0.632 conc=0.394 family=0.807 split=9.0 (13.8s)
arch=topk m=68 seed=011 beta=0 FVU=0.0082 L0=16.0 dead=1.5% align=0.801 conc=0.808 family=0.998 split=2.0 (13.5s)
arch=topk m=68 seed=011 beta=0.025 FVU=0.0181 L0=16.0 dead=23.5% align=0.746 conc=0.870 family=1.000 split=2.0 (13.8s)
arch=topk m=68 seed=011 beta=0.0625 FVU=0.0375 L0=16.0 dead=13.2% align=0.532 conc=0.846 family=0.982 split=1.5 (13.7s)
arch=topk m=68 seed=011 beta=0.25 FVU=0.0568 L0=16.0 dead=13.2% align=0.554 conc=0.649 family=0.897 split=1.5 (13.8s)
arch=topk m=68 seed=011 beta=0.5 FVU=0.0682 L0=16.0 dead=14.7% align=0.597 conc=0.782 family=0.913 split=1.0 (13.8s)
saved results/coherence_transfer_semireal_reproduction/run_metrics.csv and results/coherence_transfer_semireal_reproduction/metadata.json
